<html>
<body>
<pre>
<h1>µVision Build Log</h1>
<h2>Tool Versions:</h2>
IDE-Version: µVision V5.36.0.0
Copyright (C) 2021 ARM Ltd and ARM Germany GmbH. All rights reserved.
License Information: suang pi, suangpi, LIC=PE7DL-0529S-01IP1-CJ6R6-64JUV-QES1R
 
Tool Versions:
Toolchain:       MDK-ARM Plus  Version: 5.36.0.0
Toolchain Path:  C:\Keil_v5\ARM\ARMCLANG\Bin
C Compiler:      ArmClang.exe V6.16
Assembler:       Armasm.exe V6.16
Linker/Locator:  ArmLink.exe V6.16
Library Manager: ArmAr.exe V6.16
Hex Converter:   FromElf.exe V6.16
CPU DLL:         SARMCM3.DLL V5.36.0.0
Dialog DLL:      DCM.DLL V1.17.3.0
Target DLL:      UL2CM3.DLL V1.164.0.0
Dialog DLL:      TCM.DLL V1.53.0.0
 
<h2>Project:</h2>
E:\Embedded_Systems\Dr._Yifeng_Zhu\Hardware Examples\Ultrasonic F401RE\F401RE_Proteus.uvprojx
Project File Date:  10/24/2021

<h2>Output:</h2>
*** Using Compiler 'V6.16', folder: 'C:\Keil_v5\ARM\ARMCLANG\Bin'
Rebuild target 'Target 1'
compiling system_stm32f4xx.c...
assembling startup_stm32f401xe.s...
main.c(22): warning: no previous extern declaration for non-static variable 'seg_one' [-Wmissing-variable-declarations]
unsigned char seg_one[]={0x3F, 0x06, 0x5B, 0x4F, 0x66,0x6D, 0x7D,0x07, 0x7F, 0x6F}; 
              ^
main.c(22): note: declare 'static' if the variable is not intended to be used outside of this translation unit
unsigned char seg_one[]={0x3F, 0x06, 0x5B, 0x4F, 0x66,0x6D, 0x7D,0x07, 0x7F, 0x6F}; 
^
main.c(23): warning: no previous extern declaration for non-static variable 'seg_two' [-Wmissing-variable-declarations]
unsigned char seg_two[]={0x3F, 0x06, 0x5B, 0x4F, 0x66,0x6D, 0x7D,0x07, 0x7F, 0x6F};
              ^
main.c(23): note: declare 'static' if the variable is not intended to be used outside of this translation unit
unsigned char seg_two[]={0x3F, 0x06, 0x5B, 0x4F, 0x66,0x6D, 0x7D,0x07, 0x7F, 0x6F};
^
2 warnings generated.
compiling main.c...
linking...
Program Size: Code=1532 RO-data=436 RW-data=20 ZI-data=1660  
FromELF: creating hex file...
".\Objects\F401RE_Proteus.axf" - 0 Error(s), 2 Warning(s).

<h2>Software Packages used:</h2>

Package Vendor: ARM
                http://www.keil.com/pack/ARM.CMSIS.5.8.0.pack
                ARM.CMSIS.5.8.0
                CMSIS (Common Microcontroller Software Interface Standard)
   * Component: CORE Version: 5.5.0

Package Vendor: Keil
                http://www.keil.com/pack/Keil.STM32F4xx_DFP.2.15.0.pack
                Keil.STM32F4xx_DFP.2.15.0
                STMicroelectronics STM32F4 Series Device Support, Drivers and Examples
   * Component: Startup Version: 2.6.3

<h2>Collection of Component include folders:</h2>
  .\RTE\_Target_1
  C:\Users\Suangpi\AppData\Local\Arm\Packs\ARM\CMSIS\5.8.0\CMSIS\Core\Include
  C:\Users\Suangpi\AppData\Local\Arm\Packs\Keil\STM32F4xx_DFP\2.15.0\Drivers\CMSIS\Device\ST\STM32F4xx\Include

<h2>Collection of Component Files used:</h2>

   * Component: ARM::CMSIS:CORE:5.5.0

   * Component: Keil::Device:Startup:2.6.3
      Include file:  Drivers\CMSIS\Device\ST\STM32F4xx\Include\stm32f4xx.h
      Source file:   Drivers\CMSIS\Device\ST\STM32F4xx\Source\Templates\arm\startup_stm32f401xe.s
      Source file:   MDK\Device\Source\ARM\STM32F4xx_OTP.s
      Source file:   MDK\Device\Source\ARM\STM32F401xx_OPT.s
      Source file:   Drivers\CMSIS\Device\ST\STM32F4xx\Source\Templates\system_stm32f4xx.c
Build Time Elapsed:  00:00:01
</pre>
</body>
</html>
